// Jest Snapshot v1, https://goo.gl/fbAQLP

exports[`<Astronaut /> component rendering should render a component matching the snapshot 1`] = `
<SideEffect(Head)>
  <title>
    MOON.HOLDINGS
  </title>
  <meta
    content="IE=edge"
    httpEquiv="X-UA-Compatible"
  />
  <meta
    content="initial-scale=1.0, width=device-width"
    name="viewport"
  />
  <meta
    content="Your Cryptocurrency Portfolio"
    name="description"
  />
  <meta
    content="cryptocurrency, crypto, portfolio, bitcoin, ethereum, holdings"
    name="keywords"
  />
  <meta
    content="index, follow"
    name="robots"
  />
  <meta
    content="https://twitter.com/leongaban"
    name="owner"
  />
  <meta
    content="https://moon.holdings"
    name="url"
  />
  <meta
    content="https://moon.holdings"
    name="identifier-URL"
  />
  <meta
    content="finance"
    name="category"
  />
  <meta
    content="General"
    name="rating"
  />
  <meta
    content="7 days"
    name="revisit-after"
  />
  <meta
    content="MOON.HOLDINGS"
    name="og:title"
  />
  <meta
    content="app"
    name="og:type"
  />
  <meta
    content="https://moon.holdings"
    name="og:url"
  />
  <meta
    content="https://moon.holdings/static/logo.png"
    name="og:image"
  />
  <meta
    content="MOON.HOLDINGS"
    name="og:site_name"
  />
  <meta
    content="Your Cryptocurrency Portfolio"
    name="og:description"
  />
  <meta
    content="MOON.HOLDINGS"
    name="twitter:title"
  />
  <meta
    content="Your Cryptocurrency Portfolio"
    name="twitter:description"
  />
  <meta
    content="https://moon.holdings/static/twittercard.png"
    name="twitter:image"
  />
  <meta
    content="https://moon.holdings/static/twittercard.png"
    name="twitter:card"
  />
  <link
    href="static/favicon.ico"
    rel="icon"
    type="image/x-icon"
  />
  <link
    href="static/apple-icon-180x180.png"
    rel="apple-touch-icon"
    sizes="180x180"
  />
  <link
    href="static/android-icon-192x192.png"
    rel="icon"
    sizes="192x192"
    type="image/png"
  />
  <link
    href="https://fonts.googleapis.com/css?family=Abel|Overpass:200,700"
    rel="stylesheet"
  />
</SideEffect(Head)>
`;
