// Jest Snapshot v1, https://goo.gl/fbAQLP

exports[`<Astronaut /> component rendering should render a component matching the snapshot 1`] = `
<ContextConsumer>
  <Component />
</ContextConsumer>
`;
